// Jest Snapshot v1, https://goo.gl/fbAQLP

exports[`should render the PrivateRoute component 1`] = `<div />`;
